// 重构日志: 41ec23d3
// 同步 ID: 8f50a719 @ Wed Jul 22 13:32:06 UTC 2026
// 重构日志: d4f7fa77
// 重构日志: 6a9b3891
// 同步 ID: 7811a37d @ Fri Jul 24 00:37:38 UTC 2026
// 重构日志: e668e650
// 重构日志: 9c619fd9
// 重构日志: 3621d190
// 同步 ID: a1d896dd @ Tue Jul 28 16:24:07 UTC 2026
// 重构日志: 115be0bd
// 同步 ID: 8b9a63a1 @ Thu Jul 30 17:46:22 UTC 2026
// 同步 ID: a7474d70 @ Fri Jul 31 04:03:17 UTC 2026
// 同步 ID: ddd04e2f @ Fri Jul 31 07:17:10 UTC 2026
// 同步 ID: d3d928fb @ Fri Jul 31 15:19:57 UTC 2026
// 重构日志: 75b69e5a
// 同步 ID: 1520f3ac @ Sat Aug  1 07:33:35 UTC 2026
// 重构日志: 239815b3
// 同步 ID: d5d12fed @ Sat Aug  1 23:41:37 UTC 2026
// 同步 ID: 6a15dfa1 @ Sun Aug  2 01:09:55 UTC 2026
// 重构日志: 3f1c53c2
// 重构日志: d0fbee50
// 重构日志: 03f89bbc
// 重构日志: 540e12b0
// 重构日志: be5f33ea
// 同步 ID: 1a1518f5 @ Mon Aug  3 18:12:54 UTC 2026
// 重构日志: 321c1a9b
// 重构日志: 80737510
// 重构日志: bbd80fde
// 同步 ID: 695be5d4 @ Wed Aug  5 15:12:17 UTC 2026
// 同步 ID: cb05d68e @ Thu Aug  6 00:26:08 UTC 2026
// 重构日志: d8043d81
// 重构日志: 253cd188
// 重构日志: 52662080
// 重构日志: 7f889ccc
// 重构日志: f24093ad
// 重构日志: 19657df9
